---
source: crates/engage/tests/integrations/main.rs
description: Should exit with an error saying no Engage file was found.
---
Error #1
Description: failed to load the Engage file

Error #2 (which caused #1)
Description: failed to find an Engage file

Error #3 (which caused #2, causing #1)
Description: engage.toml not found in the current directory or its ancestors
Help: double check the current directory or specify the Engage file on the command line
