---
source: crates/engage/tests/integrations/main.rs
description: Should exit with an error about missing dependencies.
---
Error #1
Description: failed to build a graph from the Engage file

Error #2 (which caused #1)
Description: `a` wants to run after `b` but the latter does not exist
Help: either create the nonexistent process or remove its name from the "after" list

Error #3 (which caused #1)
Description: `a` wants to run before `c` but the latter does not exist
Help: either create the nonexistent process or remove its name from the "before" list
