---
source: crates/engage/tests/integrations/main.rs
description: Should start 3 tasks and stop them in the opposite order.
---
Error #1
Description: failed to run 3 processes

Error #2 (which caused #1)
Description: failed to run `c`

Error #3 (which caused #2, causing #1)
Description: process exited due to cancellation unsuccessfully via exit status: 130

Error #4 (which caused #1)
Description: failed to run `b`

Error #5 (which caused #4, causing #1)
Description: process exited due to cancellation unsuccessfully via exit status: 130

Error #6 (which caused #1)
Description: failed to run `a`

Error #7 (which caused #6, causing #1)
Description: process exited due to cancellation unsuccessfully via exit status: 130
