---
source: crates/engage/tests/integrations/main.rs
description: Should exit with an error saying no Engage file was found.
---
Errors:

#1
Error: failed to load the Engage file

#2 (which caused #1)
Error: failed to find an Engage file

#3 (which caused #2, causing #1)
Error: engage.toml not found in the current directory or its ancestors
