---
source: crates/engage/tests/integrations/main.rs
description: Should exit with an error about the program not being found.
---
Error #1
Description: failed to run 1 process

Error #2 (which caused #1)
Description: failed to run `a`

Error #3 (which caused #2, causing #1)
Description: failed to spawn a process for the program "thiscommandalmostcertainlydoesntexistonanyones\"computer\""

Error #4 (which caused #3, causing #2, causing #1)
Description: No such file or directory (os error 2)
