---
source: crates/engage/tests/integrations/main.rs
description: Should exit with an error about missing dependencies.
---
Error #1
Description: the Engage file contains invalid dependencies
Help: try using `engage dot` with the `-r`/`--relaxed` option to visualize the graph to assist in debugging and fixing the issues

Error #2 (which caused #1)
Description: `a` contains `b` in its "after" list but the latter does not exist
Help: either create the nonexistent process or remove it from the list

Error #3 (which caused #1)
Description: `a` contains `c` in its "before" list but the latter does not exist
Help: either create the nonexistent process or remove it from the list
