---
source: crates/engage/tests/integrations/main.rs
description: Should exit with an error about unknown fields.
---
Error #1
Description: failed to load the Engage file

Error #2 (which caused #1)
Description: failed to deserialize the Engage file

Error #3 (which caused #2, causing #1)
Description: TOML parse error at line 2, column 1
  |
2 | foo = "bar"
  | ^^^
unknown field `foo`, expected one of `command`, `ready-when`, `environment`, `after`, `before`
