---
source: crates/engage/tests/integrations/main.rs
description: Should exit with an error about the command list being empty.
---
Errors:

#1
Error: failed to load the Engage file

#2 (which caused #1)
Error: the Engage file contains errors

#3 (which caused #2, causing #1)
Error: `a`'s value for the "command" key is an empty list which is not allowed
Help: either remove the process or, at a minimum, specify the program to run as the first element in the list
