---
source: crates/engage/tests/integrations/main.rs
description: Should print a graph and warnings of a disconnected multi-part process.
---
Warning #1
Description: `b` wants to be part of `a` but neither depends on the other (directly or indirectly)
Help: either make `b` not part of `a` or make one depend on the other (directly or indirectly)
