---
source: tests/integrations/main.rs
description: Should exit with an error about the first character in a task name not being allowed
---
Errors:
╰─► failed to load the Engage file
    ╰─► failed to deserialize the Engage file
        ╰─► TOML parse error at line 3, column 8
  |
3 | [tasks.-]
  |        ^
'-' is not allowed to be the first character of a name
