---
source: tests/integrations/main.rs
description: Should display multiple task failures in a well-formatted way.
---
Errors:
╰─► failed to run the graph
    ╰─► one or more tasks failed
        ├─► [redacted task name]
        │   ╰─► [redacted exit status]
        ├─► [redacted task name]
        │   ╰─► [redacted exit status]
        ╰─► [redacted task name]
            ╰─► [redacted exit status]
