---
source: tests/mod.rs
description: should exit with an error about dependency cycles
---
"\u{1b}[38;5;9m\u{1b}[1merror\u{1b}[0m\u{1b}[1m:\u{1b}[0m failed to run the graph: the graph is not acyclic: a dependency cycle is created by the edges between the node set \"group end: b\", \"group start: b\", \"group end: a\", and \"group start: a\"\n"
