---
source: tests/mod.rs
description: "Should exit successfully after running only \"task b\" from the \"group b\" group."
---
                ╭─┬◀ starting
group a::task a │O│ hello world
group a::task b │O│ hello world
group b::task a │O│ hello world
group b::task b │O│ hello world
                ╰─┴▶ success

