---
source: tests/mod.rs
description: Should show the graphviz dot representation even though there are cycles.
---
digraph {
    0 [ label = "group start: group a" ]
    1 [ label = "group end: group a" ]
    2 [ label = "task: task a" ]
    0 -> 2 [ label = "1" ]
    2 -> 1 [ label = "1" ]
    2 -> 2 [ label = "1" ]
}

