---
source: tests/mod.rs
description: Should successfully print the short help and exit.
---
A task runner with DAG-based parallelism.

Usage: engage [OPTIONS] [COMMAND]

Commands:
  just         Run a specific group or task
  dot          Output Graphviz' `dot` representation of the DAG and exit
  list         Print a list of the available groups and tasks
  schema       Print a JSON Schema document describing the format of an Engage file
  completions  Print completions for a given shell
  help         Print this message or the help of the given subcommand(s)

Options:
  -f, --file <FILE>  Manually choose the Engage file
  -j, --jobs <JOBS>  Maximum amount of tasks to run at once
  -h, --help         Print help (see more with '--help')
  -V, --version      Print version

